###############################################################################
#
# IAR ELF Linker V7.80.2.11947/W32 for ARM                01/Apr/2017  11:55:27
# Copyright 2007-2016 IAR Systems AB.
#
#    Output file  =  
#        C:\Users\T460P\Desktop\ble_templete\EWARM\Debug\Exe\ble.out
#    Map file     =  
#        C:\Users\T460P\Desktop\ble_templete\EWARM\Debug\List\ble.map
#    Command line =  
#        C:\Users\T460P\Desktop\ble_templete\EWARM\Debug\Obj\iar_startup_nrf51.o
#        C:\Users\T460P\Desktop\ble_templete\EWARM\Debug\Obj\main.o
#        C:\Users\T460P\Desktop\ble_templete\EWARM\Debug\Obj\mx25.o
#        C:\Users\T460P\Desktop\ble_templete\EWARM\Debug\Obj\nrf_adc.o
#        C:\Users\T460P\Desktop\ble_templete\EWARM\Debug\Obj\simple_uart.o
#        C:\Users\T460P\Desktop\ble_templete\EWARM\Debug\Obj\system_nrf51.o -o
#        C:\Users\T460P\Desktop\ble_templete\EWARM\Debug\Exe\ble.out --map
#        C:\Users\T460P\Desktop\ble_templete\EWARM\Debug\List\ble.map --config
#        C:\Users\T460P\Desktop\ble_templete\EWARM\ble.icf --semihosting
#        --entry __iar_program_start --vfe
#
###############################################################################

*******************************************************************************
*** RUNTIME MODEL ATTRIBUTES
***

CppFlavor       = *
__SystemLibrary = DLib


*******************************************************************************
*** PLACEMENT SUMMARY
***

"A0":  place at 0x00000000 { ro section .intvec };
"P1":  place in [from 0x00000000 to 0x0003ffff] { ro };
"P2":  place in [from 0x20000000 to 0x20007fff] { rw, block CSTACK, block HEAP };
initialize by copy { rw };
 { section .intvec };

  Section            Kind        Address   Size  Object
  -------            ----        -------   ----  ------
"A0":                                      0xc0
  .intvec            ro code  0x00000000   0xc0  iar_startup_nrf51.o [1]
                            - 0x000000c0   0xc0

"P1":                                     0x7d5
  .text              ro code  0x000000c0  0x180  xprintftiny.o [3]
  .text              ro code  0x00000240   0xae  I32DivModFast.o [4]
  .text              ro code  0x000002ee   0x10  strlen.o [4]
  .text              ro code  0x000002fe    0x2  iar_startup_nrf51.o [1]
  .text              ro code  0x00000300    0x2  IntDivZer.o [4]
  .text              ro code  0x00000302    0x2  iar_startup_nrf51.o [1]
  .text              ro code  0x00000304  0x174  system_nrf51.o [1]
  .text              ro code  0x00000478  0x134  simple_uart.o [1]
  .text              ro code  0x000005ac   0xfc  main.o [1]
  .text              ro code  0x000006a8   0x24  printf.o [3]
  .text              ro code  0x000006cc   0x3c  zero_init3.o [4]
  .text              ro code  0x00000708   0x3c  packbits_init_single.o [4]
  .text              ro code  0x00000744   0x2c  iar_startup_nrf51.o [1]
  .text              ro code  0x00000770   0x28  data_init.o [4]
  .iar.init_table    const    0x00000798   0x20  - Linker created -
  .text              ro code  0x000007b8   0x1a  cmain.o [4]
  .text              ro code  0x000007d2    0x4  low_level_init.o [3]
  .text              ro code  0x000007d6    0x8  exit.o [3]
  .text              ro code  0x000007de    0x2  iar_startup_nrf51.o [1]
  .text              ro code  0x000007e0    0xa  cexit.o [4]
  .text              ro code  0x000007ea    0x2  iar_startup_nrf51.o [1]
  .text              ro code  0x000007ec   0x14  exit.o [5]
  .text              ro code  0x00000800   0x16  xprout.o [3]
  .text              ro code  0x00000816    0x2  iar_startup_nrf51.o [1]
  .text              ro code  0x00000818   0x10  putchar.o [3]
  .text              ro code  0x00000828    0xc  cstartup_M.o [4]
  .rodata            const    0x00000834    0x8  main.o [1]
  .text              ro code  0x0000083c    0x2  iar_startup_nrf51.o [1]
  .text              ro code  0x0000083e    0x2  iar_startup_nrf51.o [1]
  .text              ro code  0x00000840    0x2  iar_startup_nrf51.o [1]
  .text              ro code  0x00000842    0x2  iar_startup_nrf51.o [1]
  .text              ro code  0x00000844    0x2  iar_startup_nrf51.o [1]
  .text              ro code  0x00000846    0x2  iar_startup_nrf51.o [1]
  .text              ro code  0x00000848    0x2  iar_startup_nrf51.o [1]
  .text              ro code  0x0000084a    0x2  iar_startup_nrf51.o [1]
  .text              ro code  0x0000084c    0x2  iar_startup_nrf51.o [1]
  .text              ro code  0x0000084e    0x2  iar_startup_nrf51.o [1]
  .text              ro code  0x00000850    0x2  iar_startup_nrf51.o [1]
  .text              ro code  0x00000852    0x2  iar_startup_nrf51.o [1]
  .text              ro code  0x00000854    0x2  iar_startup_nrf51.o [1]
  .text              ro code  0x00000856    0x2  iar_startup_nrf51.o [1]
  .text              ro code  0x00000858    0x2  iar_startup_nrf51.o [1]
  .text              ro code  0x0000085a    0x2  iar_startup_nrf51.o [1]
  .text              ro code  0x0000085c    0x2  iar_startup_nrf51.o [1]
  .text              ro code  0x0000085e    0x2  iar_startup_nrf51.o [1]
  .text              ro code  0x00000860    0x2  iar_startup_nrf51.o [1]
  .text              ro code  0x00000862    0x2  iar_startup_nrf51.o [1]
  .text              ro code  0x00000864    0x2  iar_startup_nrf51.o [1]
  .text              ro code  0x00000866    0x2  iar_startup_nrf51.o [1]
  .text              ro code  0x00000868    0x2  iar_startup_nrf51.o [1]
  .text              ro code  0x0000086a    0x2  iar_startup_nrf51.o [1]
  .text              ro code  0x0000086c    0x2  iar_startup_nrf51.o [1]
  .rodata            const    0x0000086e    0x0  zero_init3.o [4]
  .rodata            const    0x0000086e    0x0  packbits_init_single.o [4]
  Initializer bytes  const    0x0000086e   0x27  <for P2-1>
                            - 0x00000895  0x7d5

"P2", part 1 of 3:                         0x44
  P2-1                        0x20000000   0x44  <Init block>
    .data            inited   0x20000000    0x4  system_nrf51.o [1]
    .data            inited   0x20000004   0x40  xfiles.o [3]
                            - 0x20000044   0x44

"P2", part 2 of 3:                        0x800
  CSTACK                      0x20000048  0x800  <Block>
    CSTACK           uninit   0x20000048  0x800  <Block tail>
                            - 0x20000848  0x800

"P2", part 3 of 3:                         0x50
  .bss               zero     0x20000848   0x50  xfiles.o [3]
                            - 0x20000898   0x50


*******************************************************************************
*** INIT TABLE
***

          Address     Size
          -------     ----
Zero (__iar_zero_init3)
    1 destination range, total size 0x50:
          0x20000848  0x50

Copy/packbits (__iar_packbits_init_single3)
    1 source range, total size 0x27 (57% of destination):
          0x0000086e  0x27
    1 destination range, total size 0x44:
          0x20000000  0x44



*******************************************************************************
*** MODULE SUMMARY
***

    Module                  ro code  ro data  rw data
    ------                  -------  -------  -------
C:\Users\T460P\Desktop\ble_templete\EWARM\Debug\Obj: [1]
    iar_startup_nrf51.o         296
    main.o                      252        8
    simple_uart.o               308
    system_nrf51.o              372        2        4
    -------------------------------------------------
    Total:                    1 228       10        4

command line: [2]
    -------------------------------------------------
    Total:

dl6M_tlf.a: [3]
    exit.o                        8
    low_level_init.o              4
    printf.o                     36
    putchar.o                    16
    xfiles.o                              37      144
    xprintftiny.o               384
    xprout.o                     22
    -------------------------------------------------
    Total:                      470       37      144

rt6M_tl.a: [4]
    I32DivModFast.o             174
    IntDivZer.o                   2
    cexit.o                      10
    cmain.o                      26
    cstartup_M.o                 12
    data_init.o                  40
    packbits_init_single.o       60
    strlen.o                     16
    zero_init3.o                 60
    -------------------------------------------------
    Total:                      400

shb_l.a: [5]
    exit.o                       20
    -------------------------------------------------
    Total:                       20

    Linker created                        32    2 048
-----------------------------------------------------
    Grand Total:              2 118       79    2 196


*******************************************************************************
*** ENTRY LIST
***

Entry                      Address   Size  Type      Object
-----                      -------   ----  ----      ------
.iar.init_table$$Base   0x00000798          --   Gb  - Linker created -
.iar.init_table$$Limit  0x000007b8          --   Gb  - Linker created -
?main                   0x000007b9         Code  Gb  cmain.o [4]
CSTACK$$Base            0x20000048          --   Gb  - Linker created -
CSTACK$$Limit           0x20000848          --   Gb  - Linker created -
Region$$Table$$Base     0x00000798          --   Gb  - Linker created -
Region$$Table$$Limit    0x000007b8          --   Gb  - Linker created -
SystemCoreClock         0x20000000    0x4  Data  Gb  system_nrf51.o [1]
SystemInit              0x00000305   0x4c  Code  Gb  system_nrf51.o [1]
_PrintfTiny             0x000000db  0x166  Code  Gb  xprintftiny.o [3]
_Prout                  0x00000801   0x16  Code  Gb  xprout.o [3]
__Vectors               0x00000000          --   Gb  iar_startup_nrf51.o [1]
__Vectors_End           0x000000c0         Data  Gb  iar_startup_nrf51.o [1]
__Vectors_Size {Abs}    0x000000c0          --   Gb  iar_startup_nrf51.o [1]
__aeabi_idiv0           0x00000301         Code  Gb  IntDivZer.o [4]
__aeabi_uidiv           0x00000241         Code  Gb  I32DivModFast.o [4]
__aeabi_uidivmod        0x00000241         Code  Gb  I32DivModFast.o [4]
__cmain                 0x000007b9         Code  Gb  cmain.o [4]
__exit                  0x000007ed   0x14  Code  Gb  exit.o [5]
__iar_Stdout            0x20000004   0x40  Data  Gb  xfiles.o [3]
__iar_data_init3        0x00000771   0x28  Code  Gb  data_init.o [4]
__iar_packbits_init_single3
                        0x00000709   0x3c  Code  Gb  packbits_init_single.o [4]
__iar_program_start     0x00000829         Code  Gb  cstartup_M.o [4]
__iar_zero_init3        0x000006cd   0x3c  Code  Gb  zero_init3.o [4]
__low_level_init        0x000007d3    0x4  Code  Gb  low_level_init.o [3]
__vector_table          0x00000000         Data  Gb  iar_startup_nrf51.o [1]
_call_main              0x000007c5         Code  Gb  cmain.o [4]
_exit                   0x000007e1         Code  Gb  cexit.o [4]
_main                   0x000007cf         Code  Gb  cmain.o [4]
exit                    0x000007d7    0x8  Code  Gb  exit.o [3]
fputc                   0x0000055d   0x1a  Code  Gb  simple_uart.o [1]
is_disabled_in_debug_needed
                        0x000003c1   0x38  Code  Lc  system_nrf51.o [1]
is_manual_peripheral_setup_needed
                        0x00000351   0x70  Code  Lc  system_nrf51.o [1]
is_peripheral_domain_setup_needed
                        0x000003f9   0x54  Code  Lc  system_nrf51.o [1]
main                    0x00000667   0x2e  Code  Gb  main.o [1]
nrf_delay_ms            0x00000659    0xe  Code  Lc  main.o [1]
nrf_delay_us            0x0000062d   0x2c  Code  Lc  main.o [1]
nrf_gpio_cfg            0x000005b3   0x3a  Code  Lc  main.o [1]
nrf_gpio_cfg            0x0000047f   0x3a  Code  Lc  simple_uart.o [1]
nrf_gpio_cfg_input      0x000004d1   0x1a  Code  Lc  simple_uart.o [1]
nrf_gpio_cfg_output     0x000005ed   0x18  Code  Lc  main.o [1]
nrf_gpio_cfg_output     0x000004b9   0x18  Code  Lc  simple_uart.o [1]
nrf_gpio_pin_port_decode
                        0x000005ad    0x6  Code  Lc  main.o [1]
nrf_gpio_pin_port_decode
                        0x00000479    0x6  Code  Lc  simple_uart.o [1]
nrf_gpio_pin_toggle     0x00000605   0x28  Code  Lc  main.o [1]
obuf                    0x20000848   0x50  Data  Lc  xfiles.o [3]
out                     0x000000c1   0x1a  Code  Lc  xprintftiny.o [3]
printf                  0x000006a9   0x24  Code  Gb  printf.o [3]
putchar                 0x00000819   0x10  Code  Gb  putchar.o [3]
simple_uart_config      0x000004eb   0x72  Code  Gb  simple_uart.o [1]
strlen                  0x000002ef   0x10  Code  Gb  strlen.o [4]


[1] = C:\Users\T460P\Desktop\ble_templete\EWARM\Debug\Obj
[2] = command line
[3] = dl6M_tlf.a
[4] = rt6M_tl.a
[5] = shb_l.a

  2 118 bytes of readonly  code memory
     79 bytes of readonly  data memory
  2 196 bytes of readwrite data memory

Errors: none
Warnings: none
